10:58:09 **** Incremental Build of configuration Debug for project blinkb ****
make -j16 all 
arm-none-eabi-gcc "../Core/Src/main.c" -mcpu=cortex-m7 -std=gnu11 -g3 -DDEBUG -DUSE_HAL_DRIVER -DSTM32F767xx -c -I../Core/Inc -I../Drivers/STM32F7xx_HAL_Driver/Inc -I../Drivers/STM32F7xx_HAL_Driver/Inc/Legacy -I../Drivers/CMSIS/Device/ST/STM32F7xx/Include -I../Drivers/CMSIS/Include -O0 -ffunction-sections -fdata-sections -Wall -fstack-usage -fcyclomatic-complexity -MMD -MP -MF"Core/Src/main.d" -MT"Core/Src/main.o" --specs=nano.specs -mfpu=fpv5-d16 -mfloat-abi=hard -mthumb -o "Core/Src/main.o"
arm-none-eabi-gcc -o "blinkb.elf" @"objects.list"   -mcpu=cortex-m7 -T"D:\Stash\internship@centum\stmMX\blinkb\STM32F767ZITX_FLASH.ld" --specs=nosys.specs -Wl,-Map="blinkb.map" -Wl,--gc-sections -static --specs=nano.specs -mfpu=fpv5-d16 -mfloat-abi=hard -mthumb -Wl,--start-group -lc -lm -Wl,--end-group
Finished building target: blinkb.elf
 
arm-none-eabi-size  blinkb.elf 
arm-none-eabi-objdump -h -S blinkb.elf  > "blinkb.list"
   text	   data	    bss	    dec	    hex	filename
  16496	    332	   3196	  20024	   4e38	blinkb.elf
Finished building: default.size.stdout
 
Finished building: blinkb.list
 

10:58:10 Build Finished. 0 errors, 0 warnings. (took 1s.341ms)

