10:16:56 **** Incremental Build of configuration Debug for project echo_test ****
make -j16 all 
arm-none-eabi-gcc "../Core/Src/main.c" -mcpu=cortex-m7 -std=gnu11 -g3 -DDEBUG -DUSE_HAL_DRIVER -DSTM32F767xx -c -I../Core/Inc -I../Drivers/STM32F7xx_HAL_Driver/Inc -I../Drivers/STM32F7xx_HAL_Driver/Inc/Legacy -I../Drivers/CMSIS/Device/ST/STM32F7xx/Include -I../Drivers/CMSIS/Include -O0 -ffunction-sections -fdata-sections -Wall -fstack-usage -fcyclomatic-complexity -MMD -MP -MF"Core/Src/main.d" -MT"Core/Src/main.o" --specs=nano.specs -mfpu=fpv5-d16 -mfloat-abi=hard -mthumb -o "Core/Src/main.o"
arm-none-eabi-gcc -o "echo_test.elf" @"objects.list"   -mcpu=cortex-m7 -T"D:\Stash\internship@centum\stmMX\echo_test\STM32F767ZITX_FLASH.ld" --specs=nosys.specs -Wl,-Map="echo_test.map" -Wl,--gc-sections -static --specs=nano.specs -mfpu=fpv5-d16 -mfloat-abi=hard -mthumb -Wl,--start-group -lc -lm -Wl,--end-group
Finished building target: echo_test.elf
 
arm-none-eabi-size  echo_test.elf 
arm-none-eabi-objdump -h -S echo_test.elf  > "echo_test.list"
   text	   data	    bss	    dec	    hex	filename
  16992	    332	   3196	  20520	   5028	echo_test.elf
Finished building: default.size.stdout
 
Finished building: echo_test.list
 

10:16:57 Build Finished. 0 errors, 0 warnings. (took 973ms)

