12:09:04 **** Incremental Build of configuration Debug for project UART_comm ****
make -j16 all 
arm-none-eabi-gcc "../Core/Src/main.c" -mcpu=cortex-m7 -std=gnu11 -g3 -DDEBUG -DUSE_HAL_DRIVER -DSTM32F767xx -c -I../Core/Inc -I../Drivers/STM32F7xx_HAL_Driver/Inc -I../Drivers/STM32F7xx_HAL_Driver/Inc/Legacy -I../Drivers/CMSIS/Device/ST/STM32F7xx/Include -I../Drivers/CMSIS/Include -O0 -ffunction-sections -fdata-sections -Wall -fstack-usage -fcyclomatic-complexity -MMD -MP -MF"Core/Src/main.d" -MT"Core/Src/main.o" --specs=nano.specs -mfpu=fpv5-d16 -mfloat-abi=hard -mthumb -o "Core/Src/main.o"
arm-none-eabi-gcc -o "UART_comm.elf" @"objects.list"   -mcpu=cortex-m7 -T"D:\Stash\internship@centum\stmMX\UART_comm\STM32F767ZITX_FLASH.ld" --specs=nosys.specs -Wl,-Map="UART_comm.map" -Wl,--gc-sections -static --specs=nano.specs -mfpu=fpv5-d16 -mfloat-abi=hard -mthumb -Wl,--start-group -lc -lm -Wl,--end-group
Finished building target: UART_comm.elf
 
arm-none-eabi-size  UART_comm.elf 
arm-none-eabi-objdump -h -S UART_comm.elf  > "UART_comm.list"
   text	   data	    bss	    dec	    hex	filename
  17636	    332	   3460	  21428	   53b4	UART_comm.elf
Finished building: default.size.stdout
 
Finished building: UART_comm.list
 
12:09:07 **** Incremental Build of configuration Debug for project UART_comm ****
make -j16 all 
arm-none-eabi-size  UART_comm.elf 
   text	   data	    bss	    dec	    hex	filename
  17636	    332	   3460	  21428	   53b4	UART_comm.elf
Finished building: default.size.stdout
 
12:17:53 **** Incremental Build of configuration Debug for project UART_comm ****
make -j16 all 
arm-none-eabi-gcc "../Core/Src/main.c" -mcpu=cortex-m7 -std=gnu11 -g3 -DDEBUG -DUSE_HAL_DRIVER -DSTM32F767xx -c -I../Core/Inc -I../Drivers/STM32F7xx_HAL_Driver/Inc -I../Drivers/STM32F7xx_HAL_Driver/Inc/Legacy -I../Drivers/CMSIS/Device/ST/STM32F7xx/Include -I../Drivers/CMSIS/Include -O0 -ffunction-sections -fdata-sections -Wall -fstack-usage -fcyclomatic-complexity -MMD -MP -MF"Core/Src/main.d" -MT"Core/Src/main.o" --specs=nano.specs -mfpu=fpv5-d16 -mfloat-abi=hard -mthumb -o "Core/Src/main.o"
arm-none-eabi-gcc -o "UART_comm.elf" @"objects.list"   -mcpu=cortex-m7 -T"D:\Stash\internship@centum\stmMX\UART_comm\STM32F767ZITX_FLASH.ld" --specs=nosys.specs -Wl,-Map="UART_comm.map" -Wl,--gc-sections -static --specs=nano.specs -mfpu=fpv5-d16 -mfloat-abi=hard -mthumb -Wl,--start-group -lc -lm -Wl,--end-group
Finished building target: UART_comm.elf
 
arm-none-eabi-size  UART_comm.elf 
arm-none-eabi-objdump -h -S UART_comm.elf  > "UART_comm.list"
   text	   data	    bss	    dec	    hex	filename
  17600	    332	   3460	  21392	   5390	UART_comm.elf
Finished building: default.size.stdout
 
Finished building: UART_comm.list
 
