16:48:07 **** Incremental Build of configuration Debug for project temp_ADC ****
make -j16 all 
arm-none-eabi-gcc "../Core/Src/main.c" -mcpu=cortex-m7 -std=gnu11 -g3 -DDEBUG -DUSE_HAL_DRIVER -DSTM32F767xx -c -I../Core/Inc -I../Drivers/STM32F7xx_HAL_Driver/Inc -I../Drivers/STM32F7xx_HAL_Driver/Inc/Legacy -I../Drivers/CMSIS/Device/ST/STM32F7xx/Include -I../Drivers/CMSIS/Include -O0 -ffunction-sections -fdata-sections -Wall -fstack-usage -fcyclomatic-complexity -MMD -MP -MF"Core/Src/main.d" -MT"Core/Src/main.o" --specs=nano.specs -mfpu=fpv5-d16 -mfloat-abi=hard -mthumb -o "Core/Src/main.o"
arm-none-eabi-gcc -o "temp_ADC.elf" @"objects.list"   -mcpu=cortex-m7 -T"D:\Stash\internship@centum\stmMX\temp_ADC\STM32F767ZITX_FLASH.ld" --specs=nosys.specs -Wl,-Map="temp_ADC.map" -Wl,--gc-sections -static --specs=nano.specs -mfpu=fpv5-d16 -mfloat-abi=hard -mthumb -u _printf_float -Wl,--start-group -lc -lm -Wl,--end-group
Finished building target: temp_ADC.elf
 
arm-none-eabi-size  temp_ADC.elf 
arm-none-eabi-objdump -h -S temp_ADC.elf  > "temp_ADC.list"
   text	   data	    bss	    dec	    hex	filename
  31696	    788	   3604	  36088	   8cf8	temp_ADC.elf
Finished building: default.size.stdout
 
Finished building: temp_ADC.list
 

16:48:09 Build Finished. 0 errors, 0 warnings. (took 1s.841ms)

